Archive member included to satisfy reference by file (symbol)

C:/ST/STM32CubeIDE_1.13.2/STM32CubeIDE/plugins/com.st.stm32cube.ide.mcu.externaltools.gnu-tools-for-stm32.11.3.rel1.win32_1.1.1.202309131626/tools/bin/../lib/gcc/arm-none-eabi/11.3.1/../../../../arm-none-eabi/lib/thumb/v7e-m+fp/hard\libc_nano.a(libc_a-exit.o)
                              C:/ST/STM32CubeIDE_1.13.2/STM32CubeIDE/plugins/com.st.stm32cube.ide.mcu.externaltools.gnu-tools-for-stm32.11.3.rel1.win32_1.1.1.202309131626/tools/bin/../lib/gcc/arm-none-eabi/11.3.1/../../../../arm-none-eabi/lib/thumb/v7e-m+fp/hard/crt0.o (exit)
C:/ST/STM32CubeIDE_1.13.2/STM32CubeIDE/plugins/com.st.stm32cube.ide.mcu.externaltools.gnu-tools-for-stm32.11.3.rel1.win32_1.1.1.202309131626/tools/bin/../lib/gcc/arm-none-eabi/11.3.1/../../../../arm-none-eabi/lib/thumb/v7e-m+fp/hard\libc_nano.a(libc_a-itoa.o)
                              ./Core/Src/DrawingFunctions.o (itoa)
C:/ST/STM32CubeIDE_1.13.2/STM32CubeIDE/plugins/com.st.stm32cube.ide.mcu.externaltools.gnu-tools-for-stm32.11.3.rel1.win32_1.1.1.202309131626/tools/bin/../lib/gcc/arm-none-eabi/11.3.1/../../../../arm-none-eabi/lib/thumb/v7e-m+fp/hard\libc_nano.a(libc_a-utoa.o)
                              C:/ST/STM32CubeIDE_1.13.2/STM32CubeIDE/plugins/com.st.stm32cube.ide.mcu.externaltools.gnu-tools-for-stm32.11.3.rel1.win32_1.1.1.202309131626/tools/bin/../lib/gcc/arm-none-eabi/11.3.1/../../../../arm-none-eabi/lib/thumb/v7e-m+fp/hard\libc_nano.a(libc_a-itoa.o) (__utoa)
C:/ST/STM32CubeIDE_1.13.2/STM32CubeIDE/plugins/com.st.stm32cube.ide.mcu.externaltools.gnu-tools-for-stm32.11.3.rel1.win32_1.1.1.202309131626/tools/bin/../lib/gcc/arm-none-eabi/11.3.1/../../../../arm-none-eabi/lib/thumb/v7e-m+fp/hard\libc_nano.a(libc_a-findfp.o)
                              C:/ST/STM32CubeIDE_1.13.2/STM32CubeIDE/plugins/com.st.stm32cube.ide.mcu.externaltools.gnu-tools-for-stm32.11.3.rel1.win32_1.1.1.202309131626/tools/bin/../lib/gcc/arm-none-eabi/11.3.1/../../../../arm-none-eabi/lib/thumb/v7e-m+fp/hard\libc_nano.a(libc_a-exit.o) (__stdio_exit_handler)
C:/ST/STM32CubeIDE_1.13.2/STM32CubeIDE/plugins/com.st.stm32cube.ide.mcu.externaltools.gnu-tools-for-stm32.11.3.rel1.win32_1.1.1.202309131626/tools/bin/../lib/gcc/arm-none-eabi/11.3.1/../../../../arm-none-eabi/lib/thumb/v7e-m+fp/hard\libc_nano.a(libc_a-fwalk.o)
                              C:/ST/STM32CubeIDE_1.13.2/STM32CubeIDE/plugins/com.st.stm32cube.ide.mcu.externaltools.gnu-tools-for-stm32.11.3.rel1.win32_1.1.1.202309131626/tools/bin/../lib/gcc/arm-none-eabi/11.3.1/../../../../arm-none-eabi/lib/thumb/v7e-m+fp/hard\libc_nano.a(libc_a-findfp.o) (_fwalk_sglue)
C:/ST/STM32CubeIDE_1.13.2/STM32CubeIDE/plugins/com.st.stm32cube.ide.mcu.externaltools.gnu-tools-for-stm32.11.3.rel1.win32_1.1.1.202309131626/tools/bin/../lib/gcc/arm-none-eabi/11.3.1/../../../../arm-none-eabi/lib/thumb/v7e-m+fp/hard\libc_nano.a(libc_a-stdio.o)
                              C:/ST/STM32CubeIDE_1.13.2/STM32CubeIDE/plugins/com.st.stm32cube.ide.mcu.externaltools.gnu-tools-for-stm32.11.3.rel1.win32_1.1.1.202309131626/tools/bin/../lib/gcc/arm-none-eabi/11.3.1/../../../../arm-none-eabi/lib/thumb/v7e-m+fp/hard\libc_nano.a(libc_a-findfp.o) (__sread)
C:/ST/STM32CubeIDE_1.13.2/STM32CubeIDE/plugins/com.st.stm32cube.ide.mcu.externaltools.gnu-tools-for-stm32.11.3.rel1.win32_1.1.1.202309131626/tools/bin/../lib/gcc/arm-none-eabi/11.3.1/../../../../arm-none-eabi/lib/thumb/v7e-m+fp/hard\libc_nano.a(libc_a-memset.o)
                              C:/ST/STM32CubeIDE_1.13.2/STM32CubeIDE/plugins/com.st.stm32cube.ide.mcu.externaltools.gnu-tools-for-stm32.11.3.rel1.win32_1.1.1.202309131626/tools/bin/../lib/gcc/arm-none-eabi/11.3.1/../../../../arm-none-eabi/lib/thumb/v7e-m+fp/hard/crt0.o (memset)
C:/ST/STM32CubeIDE_1.13.2/STM32CubeIDE/plugins/com.st.stm32cube.ide.mcu.externaltools.gnu-tools-for-stm32.11.3.rel1.win32_1.1.1.202309131626/tools/bin/../lib/gcc/arm-none-eabi/11.3.1/../../../../arm-none-eabi/lib/thumb/v7e-m+fp/hard\libc_nano.a(libc_a-closer.o)
                              C:/ST/STM32CubeIDE_1.13.2/STM32CubeIDE/plugins/com.st.stm32cube.ide.mcu.externaltools.gnu-tools-for-stm32.11.3.rel1.win32_1.1.1.202309131626/tools/bin/../lib/gcc/arm-none-eabi/11.3.1/../../../../arm-none-eabi/lib/thumb/v7e-m+fp/hard\libc_nano.a(libc_a-stdio.o) (_close_r)
C:/ST/STM32CubeIDE_1.13.2/STM32CubeIDE/plugins/com.st.stm32cube.ide.mcu.externaltools.gnu-tools-for-stm32.11.3.rel1.win32_1.1.1.202309131626/tools/bin/../lib/gcc/arm-none-eabi/11.3.1/../../../../arm-none-eabi/lib/thumb/v7e-m+fp/hard\libc_nano.a(libc_a-reent.o)
                              C:/ST/STM32CubeIDE_1.13.2/STM32CubeIDE/plugins/com.st.stm32cube.ide.mcu.externaltools.gnu-tools-for-stm32.11.3.rel1.win32_1.1.1.202309131626/tools/bin/../lib/gcc/arm-none-eabi/11.3.1/../../../../arm-none-eabi/lib/thumb/v7e-m+fp/hard\libc_nano.a(libc_a-closer.o) (errno)
[...]
Memory Configuration

Name             Origin             Length             Attributes
RAM              0x0000000020000000 0x0000000000020000 xrw
FLASH            0x0000000008000000 0x0000000000080000 xr
*default*        0x0000000000000000 0xffffffffffffffff

Linker script and memory map

LOAD C:/ST/STM32CubeIDE_1.13.2/STM32CubeIDE/plugins/com.st.stm32cube.ide.mcu.externaltools.gnu-tools-for-stm32.11.3.rel1.win32_1.1.1.202309131626/tools/bin/../lib/gcc/arm-none-eabi/11.3.1/thumb/v7e-m+fp/hard/crti.o
LOAD C:/ST/STM32CubeIDE_1.13.2/STM32CubeIDE/plugins/com.st.stm32cube.ide.mcu.externaltools.gnu-tools-for-stm32.11.3.rel1.win32_1.1.1.202309131626/tools/bin/../lib/gcc/arm-none-eabi/11.3.1/thumb/v7e-m+fp/hard/crtbegin.o
LOAD C:/ST/STM32CubeIDE_1.13.2/STM32CubeIDE/plugins/com.st.stm32cube.ide.mcu.externaltools.gnu-tools-for-stm32.11.3.rel1.win32_1.1.1.202309131626/tools/bin/../lib/gcc/arm-none-eabi/11.3.1/../../../../arm-none-eabi/lib/thumb/v7e-m+fp/hard/crt0.o
LOAD ./Core/Src/DrawingFunctions.o
LOAD ./Core/Src/fonts.o
LOAD ./Core/Src/lcd.o
LOAD ./Core/Src/main.o
LOAD ./Core/Src/stm32f4xx_hal_msp.o
LOAD ./Core/Src/stm32f4xx_it.o
LOAD ./Core/Src/syscalls.o
LOAD ./Core/Src/sysmem.o
LOAD ./Core/Src/system_stm32f4xx.o
LOAD ./Core/Src/tft.o
LOAD ./Core/Startup/startup_stm32f411ceux.o
LOAD ./Drivers/STM32F4xx_HAL_Driver/Src/stm32f4xx_hal.o
LOAD ./Drivers/STM32F4xx_HAL_Driver/Src/stm32f4xx_hal_adc.o
LOAD ./Drivers/STM32F4xx_HAL_Driver/Src/stm32f4xx_hal_adc_ex.o
LOAD ./Drivers/STM32F4xx_HAL_Driver/Src/stm32f4xx_hal_cortex.o
LOAD ./Drivers/STM32F4xx_HAL_Driver/Src/stm32f4xx_hal_crc.o
LOAD ./Drivers/STM32F4xx_HAL_Driver/Src/stm32f4xx_hal_dma.o
LOAD ./Drivers/STM32F4xx_HAL_Driver/Src/stm32f4xx_hal_dma_ex.o
LOAD ./Drivers/STM32F4xx_HAL_Driver/Src/stm32f4xx_hal_exti.o
LOAD ./Drivers/STM32F4xx_HAL_Driver/Src/stm32f4xx_hal_flash.o
LOAD ./Drivers/STM32F4xx_HAL_Driver/Src/stm32f4xx_hal_flash_ex.o
LOAD ./Drivers/STM32F4xx_HAL_Driver/Src/stm32f4xx_hal_flash_ramfunc.o
LOAD ./Drivers/STM32F4xx_HAL_Driver/Src/stm32f4xx_hal_gpio.o
LOAD ./Drivers/STM32F4xx_HAL_Driver/Src/stm32f4xx_hal_pwr.o
LOAD ./Drivers/STM32F4xx_HAL_Driver/Src/stm32f4xx_hal_pwr_ex.o
LOAD ./Drivers/STM32F4xx_HAL_Driver/Src/stm32f4xx_hal_rcc.o
LOAD ./Drivers/STM32F4xx_HAL_Driver/Src/stm32f4xx_hal_rcc_ex.o
LOAD ./Drivers/STM32F4xx_HAL_Driver/Src/stm32f4xx_hal_tim.o
LOAD ./Drivers/STM32F4xx_HAL_Driver/Src/stm32f4xx_hal_tim_ex.o
LOAD ./Drivers/STM32F4xx_HAL_Driver/Src/stm32f4xx_hal_uart.o
LOAD ./Drivers/STM32F4xx_HAL_Driver/Src/stm32f4xx_ll_adc.o
START GROUP
LOAD C:/ST/STM32CubeIDE_1.13.2/STM32CubeIDE/plugins/com.st.stm32cube.ide.mcu.externaltools.gnu-tools-for-stm32.11.3.rel1.win32_1.1.1.202309131626/tools/bin/../lib/gcc/arm-none-eabi/11.3.1/../../../../arm-none-eabi/lib/thumb/v7e-m+fp/hard\libc_nano.a
LOAD C:/ST/STM32CubeIDE_1.13.2/STM32CubeIDE/plugins/com.st.stm32cube.ide.mcu.externaltools.gnu-tools-for-stm32.11.3.rel1.win32_1.1.1.202309131626/tools/bin/../lib/gcc/arm-none-eabi/11.3.1/../../../../arm-none-eabi/lib/thumb/v7e-m+fp/hard\libm.a
END GROUP
START GROUP
LOAD C:/ST/STM32CubeIDE_1.13.2/STM32CubeIDE/plugins/com.st.stm32cube.ide.mcu.externaltools.gnu-tools-for-stm32.11.3.rel1.win32_1.1.1.202309131626/tools/bin/../lib/gcc/arm-none-eabi/11.3.1/thumb/v7e-m+fp/hard\libgcc.a
LOAD C:/ST/STM32CubeIDE_1.13.2/STM32CubeIDE/plugins/com.st.stm32cube.ide.mcu.externaltools.gnu-tools-for-stm32.11.3.rel1.win32_1.1.1.202309131626/tools/bin/../lib/gcc/arm-none-eabi/11.3.1/../../../../arm-none-eabi/lib/thumb/v7e-m+fp/hard\libc_nano.a
END GROUP
START GROUP
LOAD C:/ST/STM32CubeIDE_1.13.2/STM32CubeIDE/plugins/com.st.stm32cube.ide.mcu.externaltools.gnu-tools-for-stm32.11.3.rel1.win32_1.1.1.202309131626/tools/bin/../lib/gcc/arm-none-eabi/11.3.1/thumb/v7e-m+fp/hard\libgcc.a
LOAD C:/ST/STM32CubeIDE_1.13.2/STM32CubeIDE/plugins/com.st.stm32cube.ide.mcu.externaltools.gnu-tools-for-stm32.11.3.rel1.win32_1.1.1.202309131626/tools/bin/../lib/gcc/arm-none-eabi/11.3.1/../../../../arm-none-eabi/lib/thumb/v7e-m+fp/hard\libc_nano.a
LOAD C:/ST/STM32CubeIDE_1.13.2/STM32CubeIDE/plugins/com.st.stm32cube.ide.mcu.externaltools.gnu-tools-for-stm32.11.3.rel1.win32_1.1.1.202309131626/tools/bin/../lib/gcc/arm-none-eabi/11.3.1/../../../../arm-none-eabi/lib/thumb/v7e-m+fp/hard\libnosys.a
END GROUP
START GROUP
LOAD C:/ST/STM32CubeIDE_1.13.2/STM32CubeIDE/plugins/com.st.stm32cube.ide.mcu.externaltools.gnu-tools-for-stm32.11.3.rel1.win32_1.1.1.202309131626/tools/bin/../lib/gcc/arm-none-eabi/11.3.1/thumb/v7e-m+fp/hard\libgcc.a
LOAD C:/ST/STM32CubeIDE_1.13.2/STM32CubeIDE/plugins/com.st.stm32cube.ide.mcu.externaltools.gnu-tools-for-stm32.11.3.rel1.win32_1.1.1.202309131626/tools/bin/../lib/gcc/arm-none-eabi/11.3.1/../../../../arm-none-eabi/lib/thumb/v7e-m+fp/hard\libc_nano.a
LOAD C:/ST/STM32CubeIDE_1.13.2/STM32CubeIDE/plugins/com.st.stm32cube.ide.mcu.externaltools.gnu-tools-for-stm32.11.3.rel1.win32_1.1.1.202309131626/tools/bin/../lib/gcc/arm-none-eabi/11.3.1/../../../../arm-none-eabi/lib/thumb/v7e-m+fp/hard\libnosys.a
END GROUP
LOAD C:/ST/STM32CubeIDE_1.13.2/STM32CubeIDE/plugins/com.st.stm32cube.ide.mcu.externaltools.gnu-tools-for-stm32.11.3.rel1.win32_1.1.1.202309131626/tools/bin/../lib/gcc/arm-none-eabi/11.3.1/thumb/v7e-m+fp/hard/crtend.o
LOAD C:/ST/STM32CubeIDE_1.13.2/STM32CubeIDE/plugins/com.st.stm32cube.ide.mcu.externaltools.gnu-tools-for-stm32.11.3.rel1.win32_1.1.1.202309131626/tools/bin/../lib/gcc/arm-none-eabi/11.3.1/thumb/v7e-m+fp/hard/crtn.o
                0x0000000020020000                _estack = (ORIGIN (RAM) + LENGTH (RAM))
                0x0000000000000200                _Min_Heap_Size = 0x200
                0x0000000000000400                _Min_Stack_Size = 0x400

.isr_vector     0x0000000008000000      0x198
                0x0000000008000000                . = ALIGN (0x4)
 *(.isr_vector)
 .isr_vector    0x0000000008000000      0x198 ./Core/Startup/startup_stm32f411ceux.o
                0x0000000008000000                g_pfnVectors
                0x0000000008000198                . = ALIGN (0x4)

.text           0x0000000008000198     0x6548
                0x0000000008000198                . = ALIGN (0x4)
 *(.text)
 .text          0x0000000008000198       0x40 C:/ST/STM32CubeIDE_1.13.2/STM32CubeIDE/plugins/com.st.stm32cube.ide.mcu.externaltools.gnu-tools-for-stm32.11.3.rel1.win32_1.1.1.202309131626/tools/bin/../lib/gcc/arm-none-eabi/11.3.1/thumb/v7e-m+fp/hard/crtbegin.o
 .text          0x00000000080001d8       0x30 C:/ST/STM32CubeIDE_1.13.2/STM32CubeIDE/plugins/com.st.stm32cube.ide.mcu.externaltools.gnu-tools-for-stm32.11.3.rel1.win32_1.1.1.202309131626/tools/bin/../lib/gcc/arm-none-eabi/11.3.1/thumb/v7e-m+fp/hard\libgcc.a(_aeabi_uldivmod.o)
                0x00000000080001d8                __aeabi_uldivmod
 .text          0x0000000008000208      0x2c8 C:/ST/STM32CubeIDE_1.13.2/STM32CubeIDE/plugins/com.st.stm32cube.ide.mcu.externaltools.gnu-tools-for-stm32.11.3.rel1.win32_1.1.1.202309131626/tools/bin/../lib/gcc/arm-none-eabi/11.3.1/thumb/v7e-m+fp/hard\libgcc.a(_udivmoddi4.o)
                0x0000000008000208                __udivmoddi4
 .text          0x00000000080004d0        0x4 C:/ST/STM32CubeIDE_1.13.2/STM32CubeIDE/plugins/com.st.stm32cube.ide.mcu.externaltools.gnu-tools-for-stm32.11.3.rel1.win32_1.1.1.202309131626/tools/bin/../lib/gcc/arm-none-eabi/11.3.1/thumb/v7e-m+fp/hard\libgcc.a(_dvmd_tls.o)
                0x00000000080004d0                __aeabi_idiv0
                0x00000000080004d0                __aeabi_ldiv0
 *(.text*)
 .text.main     0x00000000080004d4       0xc4 ./Core/Src/main.o
                0x00000000080004d4                main
 .text.graph    0x0000000008000598       0xa4 ./Core/Src/main.o
                0x0000000008000598                graph
 .text.SystemClock_Config
                0x000000000800063c       0xd0 ./Core/Src/main.o
                0x000000000800063c                SystemClock_Config
 .text.MX_ADC1_Init
                0x000000000800070c       0xa4 ./Core/Src/main.o
 .text.MX_CRC_Init
                0x00000000080007b0       0x28 ./Core/Src/main.o
 .text.MX_TIM1_Init
                0x00000000080007d8       0xa0 ./Core/Src/main.o
 .text.MX_USART1_UART_Init
                0x0000000008000878       0x58 ./Core/Src/main.o
 .text.MX_GPIO_Init
                0x00000000080008d0       0xec ./Core/Src/main.o
 .text.Error_Handler
                0x00000000080009bc        0xa ./Core/Src/main.o
                0x00000000080009bc                Error_Handler
 *fill*         0x00000000080009c6        0x2 
 .text.HAL_MspInit
                0x00000000080009c8       0x50 ./Core/Src/stm32f4xx_hal_msp.o
                0x00000000080009c8                HAL_MspInit
 .text.HAL_ADC_MspInit
                0x0000000008000a18       0x88 ./Core/Src/stm32f4xx_hal_msp.o
                0x0000000008000a18                HAL_ADC_MspInit
 .text.HAL_CRC_MspInit
                0x0000000008000aa0       0x44 ./Core/Src/stm32f4xx_hal_msp.o
                0x0000000008000aa0                HAL_CRC_MspInit
 .text.HAL_TIM_Base_MspInit
                0x0000000008000ae4       0x44 ./Core/Src/stm32f4xx_hal_msp.o
                0x0000000008000ae4                HAL_TIM_Base_MspInit
 .text.HAL_UART_MspInit
                0x0000000008000b28       0x90 ./Core/Src/stm32f4xx_hal_msp.o
                0x0000000008000b28                HAL_UART_MspInit
 .text.NMI_Handler
                0x0000000008000bb8        0x6 ./Core/Src/stm32f4xx_it.o
                0x0000000008000bb8                NMI_Handler
 .text.HardFault_Handler
                0x0000000008000bbe        0x6 ./Core/Src/stm32f4xx_it.o
                0x0000000008000bbe                HardFault_Handler
 .text.MemManage_Handler
                0x0000000008000bc4        0x6 ./Core/Src/stm32f4xx_it.o
                0x0000000008000bc4                MemManage_Handler
 .text.BusFault_Handler
                0x0000000008000bca        0x6 ./Core/Src/stm32f4xx_it.o
                0x0000000008000bca                BusFault_Handler
 .text.UsageFault_Handler
                0x0000000008000bd0        0x6 ./Core/Src/stm32f4xx_it.o
                0x0000000008000bd0                UsageFault_Handler
 .text.SVC_Handler
                0x0000000008000bd6        0xe ./Core/Src/stm32f4xx_it.o
                0x0000000008000bd6                SVC_Handler
 .text.DebugMon_Handler
                0x0000000008000be4        0xe ./Core/Src/stm32f4xx_it.o
                0x0000000008000be4                DebugMon_Handler
 .text.PendSV_Handler
                0x0000000008000bf2        0xe ./Core/Src/stm32f4xx_it.o
                0x0000000008000bf2                PendSV_Handler
 .text.SysTick_Handler
                0x0000000008000c00        0xc ./Core/Src/stm32f4xx_it.o
                0x0000000008000c00                SysTick_Handler
 .text.SystemInit
                0x0000000008000c0c       0x24 ./Core/Src/system_stm32f4xx.o
                0x0000000008000c0c                SystemInit
 .text.delay    0x0000000008000c30       0x30 ./Core/Src/tft.o
                0x0000000008000c30                delay
 .text.PIN_LOW  0x0000000008000c60       0x20 ./Core/Src/tft.o
                0x0000000008000c60                PIN_LOW
 .text.PIN_HIGH
                0x0000000008000c80       0x20 ./Core/Src/tft.o
                0x0000000008000c80                PIN_HIGH
 .text.PIN_INPUT
                0x0000000008000ca0       0x2c ./Core/Src/tft.o
                0x0000000008000ca0                PIN_INPUT
 .text.PIN_OUTPUT
                0x0000000008000ccc       0x30 ./Core/Src/tft.o
                0x0000000008000ccc                PIN_OUTPUT
 .text.width    0x0000000008000cfc       0x18 ./Core/Src/tft.o
                0x0000000008000cfc                width
 .text.height   0x0000000008000d14       0x18 ./Core/Src/tft.o
                0x0000000008000d14                height
 .text.color565_to_555
                0x0000000008000d2c       0x40 ./Core/Src/tft.o
 .text.color555_to_565
                0x0000000008000d6c       0x42 ./Core/Src/tft.o
 .text.color565_to_r
                0x0000000008000dae       0x22 ./Core/Src/tft.o
 .text.color565_to_g
                0x0000000008000dd0       0x22 ./Core/Src/tft.o
 .text.color565_to_b
                0x0000000008000df2       0x1c ./Core/Src/tft.o
 .text.color565
                0x0000000008000e0e       0x4c ./Core/Src/tft.o
                0x0000000008000e0e                color565
 .text.readPixel
                0x0000000008000e5a       0x30 ./Core/Src/tft.o
                0x0000000008000e5a                readPixel
 .text.WriteCmdData
                0x0000000008000e8a       0x24 ./Core/Src/tft.o
                0x0000000008000e8a                WriteCmdData
 .text.pushCommand
                0x0000000008000eae       0x26 ./Core/Src/tft.o
                0x0000000008000eae                pushCommand
 .text.setReadDir
                0x0000000008000ed4       0x54 ./Core/Src/tft.o
                0x0000000008000ed4                setReadDir
 .text.setWriteDir
                0x0000000008000f28       0x54 ./Core/Src/tft.o
                0x0000000008000f28                setWriteDir
 .text.write24  0x0000000008000f7c      0x114 ./Core/Src/tft.o
 .text.writecmddata
                0x0000000008001090      0x174 ./Core/Src/tft.o
 .text.WriteCmdParamN
                0x0000000008001204      0x204 ./Core/Src/tft.o
 .text.WriteCmdParam4
                0x0000000008001408       0x48 ./Core/Src/tft.o
 .text.init_table
                0x0000000008001450       0xb2 ./Core/Src/tft.o
 .text.init_table16
                0x0000000008001502       0x60 ./Core/Src/tft.o
 *fill*         0x0000000008001562        0x2 
 .text.reset    0x0000000008001564       0x8c ./Core/Src/tft.o
                0x0000000008001564                reset
 .text.read16bits
                0x00000000080015f0      0x19c ./Core/Src/tft.o
 .text.readReg  0x000000000800178c      0x11c ./Core/Src/tft.o
                0x000000000800178c                readReg
 .text.readReg32
                0x00000000080018a8       0x36 ./Core/Src/tft.o
                0x00000000080018a8                readReg32
 .text.readReg40
                0x00000000080018de       0x4e ./Core/Src/tft.o
                0x00000000080018de                readReg40
 .text.tft_init
                0x000000000800192c      0x780 ./Core/Src/tft.o
                0x000000000800192c                tft_init
 .text.readID   0x00000000080020ac      0x280 ./Core/Src/tft.o
                0x00000000080020ac                readID
 .text.readGRAM
                0x000000000800232c      0x9f0 ./Core/Src/tft.o
                0x000000000800232c                readGRAM
 .text.setRotation
                0x0000000008002d1c      0x514 ./Core/Src/tft.o
                0x0000000008002d1c                setRotation
 .text.drawPixel
                0x0000000008003230      0x16c ./Core/Src/tft.o
                0x0000000008003230                drawPixel
 .text.setAddrWindow
                0x000000000800339c      0x248 ./Core/Src/tft.o
                0x000000000800339c                setAddrWindow
 .text.vertScroll
                0x00000000080035e4      0x24c ./Core/Src/tft.o
                0x00000000080035e4                vertScroll
 .text.fillScreen
                0x0000000008003830       0x34 ./Core/Src/tft.o
                0x0000000008003830                fillScreen
 .text.invertDisplay
                0x0000000008003864      0x14c ./Core/Src/tft.o
                0x0000000008003864                invertDisplay
 .text.drawFastVLine
                0x00000000080039b0       0x3e ./Core/Src/tft.o
                0x00000000080039b0                drawFastVLine
 .text.drawFastHLine
                0x00000000080039ee       0x3c ./Core/Src/tft.o
                0x00000000080039ee                drawFastHLine
 .text.writePixel
                0x0000000008003a2a       0x2a ./Core/Src/tft.o
                0x0000000008003a2a                writePixel
 .text.writeLine
                0x0000000008003a54      0x144 ./Core/Src/tft.o
                0x0000000008003a54                writeLine
 .text.drawLine
                0x0000000008003b98       0xc4 ./Core/Src/tft.o
                0x0000000008003b98                drawLine
 .text.fillRect
                0x0000000008003c5c      0x30c ./Core/Src/tft.o
                0x0000000008003c5c                fillRect
 .text.drawChar
                0x0000000008003f68      0x188 ./Core/Src/tft.o
                0x0000000008003f68                drawChar
 .text.write    0x00000000080040f0      0x15c ./Core/Src/tft.o
                0x00000000080040f0                write
 .text.setFont  0x000000000800424c       0x54 ./Core/Src/tft.o
                0x000000000800424c                setFont
 .text.printnewtstr
                0x00000000080042a0       0x6c ./Core/Src/tft.o
                0x00000000080042a0                printnewtstr
 .text.setTextWrap
                0x000000000800430c       0x20 ./Core/Src/tft.o
                0x000000000800430c                setTextWrap
 .text.setCursor
                0x000000000800432c       0x34 ./Core/Src/tft.o
                0x000000000800432c                setCursor
 .text.Reset_Handler
                0x0000000008004360       0x50 ./Core/Startup/startup_stm32f411ceux.o
                0x0000000008004360                Reset_Handler
 .text.Default_Handler
                0x00000000080043b0        0x2 ./Core/Startup/startup_stm32f411ceux.o
                0x00000000080043b0                RTC_Alarm_IRQHandler
                0x00000000080043b0                EXTI2_IRQHandler
                0x00000000080043b0                SPI4_IRQHandler
                0x00000000080043b0                TIM1_CC_IRQHandler
                0x00000000080043b0                DMA2_Stream5_IRQHandler
                0x00000000080043b0                DMA1_Stream5_IRQHandler
                0x00000000080043b0                PVD_IRQHandler
                0x00000000080043b0                SDIO_IRQHandler
                0x00000000080043b0                TAMP_STAMP_IRQHandler
                0x00000000080043b0                EXTI3_IRQHandler
                0x00000000080043b0                TIM1_UP_TIM10_IRQHandler
                0x00000000080043b0                I2C3_ER_IRQHandler
                0x00000000080043b0                EXTI0_IRQHandler
                0x00000000080043b0                I2C2_EV_IRQHandler
                0x00000000080043b0                DMA1_Stream2_IRQHandler
                0x00000000080043b0                FPU_IRQHandler
                0x00000000080043b0                DMA2_Stream2_IRQHandler
                0x00000000080043b0                SPI1_IRQHandler
                0x00000000080043b0                TIM1_BRK_TIM9_IRQHandler
                0x00000000080043b0                DMA2_Stream3_IRQHandler
                0x00000000080043b0                USART6_IRQHandler
                0x00000000080043b0                DMA2_Stream0_IRQHandler
                0x00000000080043b0                TIM4_IRQHandler
                0x00000000080043b0                I2C1_EV_IRQHandler
                0x00000000080043b0                DMA1_Stream6_IRQHandler
                0x00000000080043b0                DMA1_Stream1_IRQHandler
                0x00000000080043b0                TIM3_IRQHandler
                0x00000000080043b0                RCC_IRQHandler
                0x00000000080043b0                Default_Handler
                0x00000000080043b0                EXTI15_10_IRQHandler
                0x00000000080043b0                ADC_IRQHandler
                0x00000000080043b0                DMA1_Stream7_IRQHandler
                0x00000000080043b0                SPI5_IRQHandler
                0x00000000080043b0                TIM5_IRQHandler
                0x00000000080043b0                DMA2_Stream7_IRQHandler
                0x00000000080043b0                I2C3_EV_IRQHandler
                0x00000000080043b0                EXTI9_5_IRQHandler
                0x00000000080043b0                RTC_WKUP_IRQHandler
                0x00000000080043b0                SPI2_IRQHandler
                0x00000000080043b0                DMA1_Stream0_IRQHandler
                0x00000000080043b0                EXTI4_IRQHandler
                0x00000000080043b0                WWDG_IRQHandler
                0x00000000080043b0                TIM2_IRQHandler
                0x00000000080043b0                OTG_FS_WKUP_IRQHandler
                0x00000000080043b0                TIM1_TRG_COM_TIM11_IRQHandler
                0x00000000080043b0                EXTI1_IRQHandler
                0x00000000080043b0                USART2_IRQHandler
                0x00000000080043b0                I2C2_ER_IRQHandler
                0x00000000080043b0                DMA2_Stream1_IRQHandler
                0x00000000080043b0                FLASH_IRQHandler
                0x00000000080043b0                DMA2_Stream4_IRQHandler
                0x00000000080043b0                USART1_IRQHandler
                0x00000000080043b0                OTG_FS_IRQHandler
                0x00000000080043b0                SPI3_IRQHandler
                0x00000000080043b0                DMA1_Stream4_IRQHandler
                0x00000000080043b0                I2C1_ER_IRQHandler
                0x00000000080043b0                DMA2_Stream6_IRQHandler
                0x00000000080043b0                DMA1_Stream3_IRQHandler
 *fill*         0x00000000080043b2        0x2 
 .text.HAL_Init
                0x00000000080043b4       0x44 ./Drivers/STM32F4xx_HAL_Driver/Src/stm32f4xx_hal.o
                0x00000000080043b4                HAL_Init
 .text.HAL_InitTick
                0x00000000080043f8       0x60 ./Drivers/STM32F4xx_HAL_Driver/Src/stm32f4xx_hal.o
                0x00000000080043f8                HAL_InitTick
 .text.HAL_IncTick
                0x0000000008004458       0x28 ./Drivers/STM32F4xx_HAL_Driver/Src/stm32f4xx_hal.o
                0x0000000008004458                HAL_IncTick
 .text.HAL_GetTick
                0x0000000008004480       0x18 ./Drivers/STM32F4xx_HAL_Driver/Src/stm32f4xx_hal.o
                0x0000000008004480                HAL_GetTick
 .text.HAL_Delay
                0x0000000008004498       0x48 ./Drivers/STM32F4xx_HAL_Driver/Src/stm32f4xx_hal.o
                0x0000000008004498                HAL_Delay
 .text.HAL_ADC_Init
                0x00000000080044e0       0x86 ./Drivers/STM32F4xx_HAL_Driver/Src/stm32f4xx_hal_adc.o
                0x00000000080044e0                HAL_ADC_Init
 *fill*         0x0000000008004566        0x2 
 .text.HAL_ADC_Start
                0x0000000008004568      0x168 ./Drivers/STM32F4xx_HAL_Driver/Src/stm32f4xx_hal_adc.o
                0x0000000008004568                HAL_ADC_Start
 .text.HAL_ADC_Stop
                0x00000000080046d0       0x66 ./Drivers/STM32F4xx_HAL_Driver/Src/stm32f4xx_hal_adc.o
                0x00000000080046d0                HAL_ADC_Stop
 .text.HAL_ADC_PollForConversion
                0x0000000008004736      0x116 ./Drivers/STM32F4xx_HAL_Driver/Src/stm32f4xx_hal_adc.o
                0x0000000008004736                HAL_ADC_PollForConversion
 .text.HAL_ADC_GetValue
                0x000000000800484c       0x1a ./Drivers/STM32F4xx_HAL_Driver/Src/stm32f4xx_hal_adc.o
                0x000000000800484c                HAL_ADC_GetValue
 *fill*         0x0000000008004866        0x2 
 .text.HAL_ADC_ConfigChannel
                0x0000000008004868      0x264 ./Drivers/STM32F4xx_HAL_Driver/Src/stm32f4xx_hal_adc.o
                0x0000000008004868                HAL_ADC_ConfigChannel
 .text.ADC_Init
                0x0000000008004acc      0x1f8 ./Drivers/STM32F4xx_HAL_Driver/Src/stm32f4xx_hal_adc.o
 .text.__NVIC_SetPriorityGrouping
                0x0000000008004cc4       0x48 ./Drivers/STM32F4xx_HAL_Driver/Src/stm32f4xx_hal_cortex.o
 .text.__NVIC_GetPriorityGrouping
                0x0000000008004d0c       0x1c ./Drivers/STM32F4xx_HAL_Driver/Src/stm32f4xx_hal_cortex.o
 .text.__NVIC_SetPriority
                0x0000000008004d28       0x54 ./Drivers/STM32F4xx_HAL_Driver/Src/stm32f4xx_hal_cortex.o
 .text.NVIC_EncodePriority
                0x0000000008004d7c       0x66 ./Drivers/STM32F4xx_HAL_Driver/Src/stm32f4xx_hal_cortex.o
 *fill*         0x0000000008004de2        0x2 
 .text.SysTick_Config
                0x0000000008004de4       0x44 ./Drivers/STM32F4xx_HAL_Driver/Src/stm32f4xx_hal_cortex.o
 .text.HAL_NVIC_SetPriorityGrouping
                0x0000000008004e28       0x16 ./Drivers/STM32F4xx_HAL_Driver/Src/stm32f4xx_hal_cortex.o
                0x0000000008004e28                HAL_NVIC_SetPriorityGrouping
 .text.HAL_NVIC_SetPriority
                0x0000000008004e3e       0x38 ./Drivers/STM32F4xx_HAL_Driver/Src/stm32f4xx_hal_cortex.o
                0x0000000008004e3e                HAL_NVIC_SetPriority
 .text.HAL_SYSTICK_Config
                0x0000000008004e76       0x18 ./Drivers/STM32F4xx_HAL_Driver/Src/stm32f4xx_hal_cortex.o
                0x0000000008004e76                HAL_SYSTICK_Config
 .text.HAL_CRC_Init
                0x0000000008004e8e       0x38 ./Drivers/STM32F4xx_HAL_Driver/Src/stm32f4xx_hal_crc.o
                0x0000000008004e8e                HAL_CRC_Init
 *fill*         0x0000000008004ec6        0x2 
 .text.HAL_GPIO_Init
                0x0000000008004ec8      0x308 ./Drivers/STM32F4xx_HAL_Driver/Src/stm32f4xx_hal_gpio.o
                0x0000000008004ec8                HAL_GPIO_Init
 .text.HAL_GPIO_WritePin
                0x00000000080051d0       0x32 ./Drivers/STM32F4xx_HAL_Driver/Src/stm32f4xx_hal_gpio.o
                0x00000000080051d0                HAL_GPIO_WritePin
 *fill*         0x0000000008005202        0x2 
 .text.HAL_RCC_OscConfig
                0x0000000008005204      0x4f0 ./Drivers/STM32F4xx_HAL_Driver/Src/stm32f4xx_hal_rcc.o
                0x0000000008005204                HAL_RCC_OscConfig
 .text.HAL_RCC_ClockConfig
                0x00000000080056f4      0x1cc ./Drivers/STM32F4xx_HAL_Driver/Src/stm32f4xx_hal_rcc.o
                0x00000000080056f4                HAL_RCC_ClockConfig
 .text.HAL_RCC_GetSysClockFreq
                0x00000000080058c0      0x18c ./Drivers/STM32F4xx_HAL_Driver/Src/stm32f4xx_hal_rcc.o
                0x00000000080058c0                HAL_RCC_GetSysClockFreq
 .text.HAL_RCC_GetHCLKFreq
                0x0000000008005a4c       0x18 ./Drivers/STM32F4xx_HAL_Driver/Src/stm32f4xx_hal_rcc.o
                0x0000000008005a4c                HAL_RCC_GetHCLKFreq
 .text.HAL_RCC_GetPCLK1Freq
                0x0000000008005a64       0x28 ./Drivers/STM32F4xx_HAL_Driver/Src/stm32f4xx_hal_rcc.o
                0x0000000008005a64                HAL_RCC_GetPCLK1Freq
 .text.HAL_RCC_GetPCLK2Freq
                0x0000000008005a8c       0x28 ./Drivers/STM32F4xx_HAL_Driver/Src/stm32f4xx_hal_rcc.o
                0x0000000008005a8c                HAL_RCC_GetPCLK2Freq
 .text.HAL_TIM_Base_Init
                0x0000000008005ab4       0x9e ./Drivers/STM32F4xx_HAL_Driver/Src/stm32f4xx_hal_tim.o
                0x0000000008005ab4                HAL_TIM_Base_Init
 *fill*         0x0000000008005b52        0x2 
 .text.HAL_TIM_Base_Start
                0x0000000008005b54       0xb4 ./Drivers/STM32F4xx_HAL_Driver/Src/stm32f4xx_hal_tim.o
                0x0000000008005b54                HAL_TIM_Base_Start
 .text.HAL_TIM_ConfigClockSource
                0x0000000008005c08      0x18e ./Drivers/STM32F4xx_HAL_Driver/Src/stm32f4xx_hal_tim.o
                0x0000000008005c08                HAL_TIM_ConfigClockSource
 *fill*         0x0000000008005d96        0x2 
 .text.TIM_Base_SetConfig
                0x0000000008005d98      0x100 ./Drivers/STM32F4xx_HAL_Driver/Src/stm32f4xx_hal_tim.o
                0x0000000008005d98                TIM_Base_SetConfig
 .text.TIM_TI1_ConfigInputStage
                0x0000000008005e98       0x5e ./Drivers/STM32F4xx_HAL_Driver/Src/stm32f4xx_hal_tim.o
 .text.TIM_TI2_ConfigInputStage
                0x0000000008005ef6       0x60 ./Drivers/STM32F4xx_HAL_Driver/Src/stm32f4xx_hal_tim.o
 .text.TIM_ITRx_SetConfig
                0x0000000008005f56       0x36 ./Drivers/STM32F4xx_HAL_Driver/Src/stm32f4xx_hal_tim.o
 .text.TIM_ETR_SetConfig
                0x0000000008005f8c       0x40 ./Drivers/STM32F4xx_HAL_Driver/Src/stm32f4xx_hal_tim.o
                0x0000000008005f8c                TIM_ETR_SetConfig
 .text.HAL_TIMEx_MasterConfigSynchronization
                0x0000000008005fcc       0xdc ./Drivers/STM32F4xx_HAL_Driver/Src/stm32f4xx_hal_tim_ex.o
                0x0000000008005fcc                HAL_TIMEx_MasterConfigSynchronization
 .text.HAL_MultiProcessor_Init
                0x00000000080060a8       0xe0 ./Drivers/STM32F4xx_HAL_Driver/Src/stm32f4xx_hal_uart.o
                0x00000000080060a8                HAL_MultiProcessor_Init
 .text.UART_SetConfig
                0x0000000008006188      0x4e8 ./Drivers/STM32F4xx_HAL_Driver/Src/stm32f4xx_hal_uart.o
 .text.memset   0x0000000008006670       0x10 C:/ST/STM32CubeIDE_1.13.2/STM32CubeIDE/plugins/com.st.stm32cube.ide.mcu.externaltools.gnu-tools-for-stm32.11.3.rel1.win32_1.1.1.202309131626/tools/bin/../lib/gcc/arm-none-eabi/11.3.1/../../../../arm-none-eabi/lib/thumb/v7e-m+fp/hard\libc_nano.a(libc_a-memset.o)
                0x0000000008006670                memset
 .text.__libc_init_array
                0x0000000008006680       0x48 C:/ST/STM32CubeIDE_1.13.2/STM32CubeIDE/plugins/com.st.stm32cube.ide.mcu.externaltools.gnu-tools-for-stm32.11.3.rel1.win32_1.1.1.202309131626/tools/bin/../lib/gcc/arm-none-eabi/11.3.1/../../../../arm-none-eabi/lib/thumb/v7e-m+fp/hard\libc_nano.a(libc_a-init.o)
                0x0000000008006680                __libc_init_array
 *(.glue_7)
 .glue_7        0x00000000080066c8        0x0 linker stubs
 *(.glue_7t)
 .glue_7t       0x00000000080066c8        0x0 linker stubs
 *(.eh_frame)
 .eh_frame      0x00000000080066c8        0x0 C:/ST/STM32CubeIDE_1.13.2/STM32CubeIDE/plugins/com.st.stm32cube.ide.mcu.externaltools.gnu-tools-for-stm32.11.3.rel1.win32_1.1.1.202309131626/tools/bin/../lib/gcc/arm-none-eabi/11.3.1/thumb/v7e-m+fp/hard/crtbegin.o
 *(.init)
 .init          0x00000000080066c8        0x4 C:/ST/STM32CubeIDE_1.13.2/STM32CubeIDE/plugins/com.st.stm32cube.ide.mcu.externaltools.gnu-tools-for-stm32.11.3.rel1.win32_1.1.1.202309131626/tools/bin/../lib/gcc/arm-none-eabi/11.3.1/thumb/v7e-m+fp/hard/crti.o
                0x00000000080066c8                _init
 .init          0x00000000080066cc        0x8 C:/ST/STM32CubeIDE_1.13.2/STM32CubeIDE/plugins/com.st.stm32cube.ide.mcu.externaltools.gnu-tools-for-stm32.11.3.rel1.win32_1.1.1.202309131626/tools/bin/../lib/gcc/arm-none-eabi/11.3.1/thumb/v7e-m+fp/hard/crtn.o
 *(.fini)
 .fini          0x00000000080066d4        0x4 C:/ST/STM32CubeIDE_1.13.2/STM32CubeIDE/plugins/com.st.stm32cube.ide.mcu.externaltools.gnu-tools-for-stm32.11.3.rel1.win32_1.1.1.202309131626/tools/bin/../lib/gcc/arm-none-eabi/11.3.1/thumb/v7e-m+fp/hard/crti.o
                0x00000000080066d4                _fini
 .fini          0x00000000080066d8        0x8 C:/ST/STM32CubeIDE_1.13.2/STM32CubeIDE/plugins/com.st.stm32cube.ide.mcu.externaltools.gnu-tools-for-stm32.11.3.rel1.win32_1.1.1.202309131626/tools/bin/../lib/gcc/arm-none-eabi/11.3.1/thumb/v7e-m+fp/hard/crtn.o
                0x00000000080066e0                . = ALIGN (0x4)
                0x00000000080066e0                _etext = .

.vfp11_veneer   0x00000000080066e0        0x0
 .vfp11_veneer  0x00000000080066e0        0x0 linker stubs

.v4_bx          0x00000000080066e0        0x0
 .v4_bx         0x00000000080066e0        0x0 linker stubs

.iplt           0x00000000080066e0        0x0
 .iplt          0x00000000080066e0        0x0 C:/ST/STM32CubeIDE_1.13.2/STM32CubeIDE/plugins/com.st.stm32cube.ide.mcu.externaltools.gnu-tools-for-stm32.11.3.rel1.win32_1.1.1.202309131626/tools/bin/../lib/gcc/arm-none-eabi/11.3.1/thumb/v7e-m+fp/hard/crtbegin.o

.rodata         0x00000000080066e0      0xff8
                0x00000000080066e0                . = ALIGN (0x4)
 *(.rodata)
 .rodata        0x00000000080066e0       0x11 ./Core/Src/main.o
 *fill*         0x00000000080066f1        0x3 
 .rodata        0x00000000080066f4        0x3 ./Core/Src/tft.o
 *(.rodata*)
 *fill*         0x00000000080066f7        0x1 
 .rodata.FreeMonoBold12pt7bBitmaps
                0x00000000080066f8      0x6c2 ./Core/Src/fonts.o
                0x00000000080066f8                FreeMonoBold12pt7bBitmaps
 *fill*         0x0000000008006dba        0x2 
 .rodata.FreeMonoBold12pt7bGlyphs
                0x0000000008006dbc      0x3b6 ./Core/Src/fonts.o
                0x0000000008006dbc                FreeMonoBold12pt7bGlyphs
 *fill*         0x0000000008007172        0x2 
 .rodata.mono12x7bold
                0x0000000008007174        0xc ./Core/Src/fonts.o
                0x0000000008007174                mono12x7bold
 .rodata.AHBPrescTable
                0x0000000008007180       0x10 ./Core/Src/system_stm32f4xx.o
                0x0000000008007180                AHBPrescTable
 .rodata.APBPrescTable
                0x0000000008007190        0x8 ./Core/Src/system_stm32f4xx.o
                0x0000000008007190                APBPrescTable
 .rodata.R61511_regValues.31
                0x0000000008007198        0x3 ./Core/Src/tft.o
 *fill*         0x000000000800719b        0x1 
 .rodata.R61520_regValues.30
                0x000000000800719c        0x6 ./Core/Src/tft.o
 *fill*         0x00000000080071a2        0x2 
 .rodata.R61526_regValues.29
                0x00000000080071a4        0xc ./Core/Src/tft.o
 .rodata.NT35310_regValues.28
                0x00000000080071b0        0x2 ./Core/Src/tft.o
 *fill*         0x00000000080071b2        0x2 
 .rodata.RM68140_regValues_max.27
                0x00000000080071b4        0x3 ./Core/Src/tft.o
 *fill*         0x00000000080071b7        0x1 
 .rodata.ST7789_regValues.26
                0x00000000080071b8       0x41 ./Core/Src/tft.o
 *fill*         0x00000000080071f9        0x3 
 .rodata.FK8031_regValues.25
                0x00000000080071fc       0x12 ./Core/Src/tft.o
 *fill*         0x000000000800720e        0x2 
 .rodata.HX8357C_regValues.24
                0x0000000008007210        0x2 ./Core/Src/tft.o
 *fill*         0x0000000008007212        0x2 
 .rodata.HX8357_99_regValues.23
                0x0000000008007214       0x1d ./Core/Src/tft.o
 *fill*         0x0000000008007231        0x3 
 .rodata.ILI9320_regValues.22
                0x0000000008007234       0xd8 ./Core/Src/tft.o
 .rodata.ILI9325_regValues.21
                0x000000000800730c       0xcc ./Core/Src/tft.o
 .rodata.ILI9327_regValues.20
                0x00000000080073d8       0x1e ./Core/Src/tft.o
 *fill*         0x00000000080073f6        0x2 
 .rodata.XX1602_regValues.19
                0x00000000080073f8        0x6 ./Core/Src/tft.o
 *fill*         0x00000000080073fe        0x2 
 .rodata.ILI9329_regValues.18
                0x0000000008007400        0x3 ./Core/Src/tft.o
 *fill*         0x0000000008007403        0x1 
 .rodata.ILI9341_regValues_2_4.17
                0x0000000008007404       0x65 ./Core/Src/tft.o
 *fill*         0x0000000008007469        0x3 
 .rodata.ILI9342_regValues_CPT24.16
                0x000000000800746c       0x38 ./Core/Src/tft.o
 .rodata.ILI9481_regValues.15
                0x00000000080074a4       0x45 ./Core/Src/tft.o
 *fill*         0x00000000080074e9        0x3 
 .rodata.ILI9486_regValues.14
                0x00000000080074ec       0x3b ./Core/Src/tft.o
 *fill*         0x0000000008007527        0x1 
 .rodata.ILI9488_regValues_max.13
                0x0000000008007528       0x2b ./Core/Src/tft.o
 *fill*         0x0000000008007553        0x1 
 .rodata.R61505V_regValues.12
                0x0000000008007554       0xb0 ./Core/Src/tft.o
 .rodata.R61509V_regValues.11
                0x0000000008007604       0xc0 ./Core/Src/tft.o
 .rodata.reset_off.10
                0x00000000080076c4        0x9 ./Core/Src/tft.o
 *fill*         0x00000000080076cd        0x3 
 .rodata.wake_on.9
                0x00000000080076d0        0x6 ./Core/Src/tft.o
                0x00000000080076d8                . = ALIGN (0x4)
 *fill*         0x00000000080076d6        0x2 

.ARM.extab      0x00000000080076d8        0x0
                0x00000000080076d8                . = ALIGN (0x4)
 *(.ARM.extab* .gnu.linkonce.armextab.*)
                0x00000000080076d8                . = ALIGN (0x4)

.ARM            0x00000000080076d8        0x8
                0x00000000080076d8                . = ALIGN (0x4)
                0x00000000080076d8                __exidx_start = .
 *(.ARM.exidx*)
 .ARM.exidx     0x00000000080076d8        0x8 C:/ST/STM32CubeIDE_1.13.2/STM32CubeIDE/plugins/com.st.stm32cube.ide.mcu.externaltools.gnu-tools-for-stm32.11.3.rel1.win32_1.1.1.202309131626/tools/bin/../lib/gcc/arm-none-eabi/11.3.1/thumb/v7e-m+fp/hard\libgcc.a(_udivmoddi4.o)
                0x00000000080076e0                __exidx_end = .
                0x00000000080076e0                . = ALIGN (0x4)

.rel.dyn        0x00000000080076e0        0x0
 .rel.iplt      0x00000000080076e0        0x0 C:/ST/STM32CubeIDE_1.13.2/STM32CubeIDE/plugins/com.st.stm32cube.ide.mcu.externaltools.gnu-tools-for-stm32.11.3.rel1.win32_1.1.1.202309131626/tools/bin/../lib/gcc/arm-none-eabi/11.3.1/thumb/v7e-m+fp/hard/crtbegin.o

.preinit_array  0x00000000080076e0        0x0
                0x00000000080076e0                . = ALIGN (0x4)
                0x00000000080076e0                PROVIDE (__preinit_array_start = .)
 *(.preinit_array*)
                0x00000000080076e0                PROVIDE (__preinit_array_end = .)
                0x00000000080076e0                . = ALIGN (0x4)

.init_array     0x00000000080076e0        0x4
                0x00000000080076e0                . = ALIGN (0x4)
                0x00000000080076e0                PROVIDE (__init_array_start = .)
 *(SORT_BY_NAME(.init_array.*))
 *(.init_array*)
 .init_array    0x00000000080076e0        0x4 C:/ST/STM32CubeIDE_1.13.2/STM32CubeIDE/plugins/com.st.stm32cube.ide.mcu.externaltools.gnu-tools-for-stm32.11.3.rel1.win32_1.1.1.202309131626/tools/bin/../lib/gcc/arm-none-eabi/11.3.1/thumb/v7e-m+fp/hard/crtbegin.o
                0x00000000080076e4                PROVIDE (__init_array_end = .)
                0x00000000080076e4                . = ALIGN (0x4)

.fini_array     0x00000000080076e4        0x4
                0x00000000080076e4                . = ALIGN (0x4)
                [!provide]                        PROVIDE (__fini_array_start = .)
 *(SORT_BY_NAME(.fini_array.*))
 *(.fini_array*)
 .fini_array    0x00000000080076e4        0x4 C:/ST/STM32CubeIDE_1.13.2/STM32CubeIDE/plugins/com.st.stm32cube.ide.mcu.externaltools.gnu-tools-for-stm32.11.3.rel1.win32_1.1.1.202309131626/tools/bin/../lib/gcc/arm-none-eabi/11.3.1/thumb/v7e-m+fp/hard/crtbegin.o
                [!provide]                        PROVIDE (__fini_array_end = .)
                0x00000000080076e8                . = ALIGN (0x4)
                0x00000000080076e8                _sidata = LOADADDR (.data)

.data           0x0000000020000000       0x18 load address 0x00000000080076e8
                0x0000000020000000                . = ALIGN (0x4)
                0x0000000020000000                _sdata = .
 *(.data)
 *(.data*)
 .data.SystemCoreClock
                0x0000000020000000        0x4 ./Core/Src/system_stm32f4xx.o
                0x0000000020000000                SystemCoreClock
 .data._width   0x0000000020000004        0x2 ./Core/Src/tft.o
                0x0000000020000004                _width
 .data._height  0x0000000020000006        0x2 ./Core/Src/tft.o
                0x0000000020000006                _height
 .data.textsize
                0x0000000020000008        0x1 ./Core/Src/tft.o
                0x0000000020000008                textsize
 *fill*         0x0000000020000009        0x1 
 .data.textcolor
                0x000000002000000a        0x2 ./Core/Src/tft.o
                0x000000002000000a                textcolor
 .data.textbgcolor
                0x000000002000000c        0x2 ./Core/Src/tft.o
                0x000000002000000c                textbgcolor
 .data.wrap     0x000000002000000e        0x1 ./Core/Src/tft.o
                0x000000002000000e                wrap
 *fill*         0x000000002000000f        0x1 
 .data.uwTickPrio
                0x0000000020000010        0x4 ./Drivers/STM32F4xx_HAL_Driver/Src/stm32f4xx_hal.o
                0x0000000020000010                uwTickPrio
 .data.uwTickFreq
                0x0000000020000014        0x1 ./Drivers/STM32F4xx_HAL_Driver/Src/stm32f4xx_hal.o
                0x0000000020000014                uwTickFreq
 *(.RamFunc)
 *(.RamFunc*)
                0x0000000020000018                . = ALIGN (0x4)
 *fill*         0x0000000020000015        0x3 
                0x0000000020000018                _edata = .

.igot.plt       0x0000000020000018        0x0 load address 0x0000000008007700
 .igot.plt      0x0000000020000018        0x0 C:/ST/STM32CubeIDE_1.13.2/STM32CubeIDE/plugins/com.st.stm32cube.ide.mcu.externaltools.gnu-tools-for-stm32.11.3.rel1.win32_1.1.1.202309131626/tools/bin/../lib/gcc/arm-none-eabi/11.3.1/thumb/v7e-m+fp/hard/crtbegin.o
                0x0000000020000018                . = ALIGN (0x4)

.bss            0x0000000020000018      0x12c load address 0x0000000008007700
                0x0000000020000018                _sbss = .
                0x0000000020000018                __bss_start__ = _sbss
 *(.bss)
 .bss           0x0000000020000018       0x1c C:/ST/STM32CubeIDE_1.13.2/STM32CubeIDE/plugins/com.st.stm32cube.ide.mcu.externaltools.gnu-tools-for-stm32.11.3.rel1.win32_1.1.1.202309131626/tools/bin/../lib/gcc/arm-none-eabi/11.3.1/thumb/v7e-m+fp/hard/crtbegin.o
 *(.bss*)
 .bss.gfxFont   0x0000000020000034        0x4 ./Core/Src/fonts.o
                0x0000000020000034                gfxFont
 .bss.hadc1     0x0000000020000038       0x48 ./Core/Src/main.o
                0x0000000020000038                hadc1
 .bss.hcrc      0x0000000020000080        0x8 ./Core/Src/main.o
                0x0000000020000080                hcrc
 .bss.htim1     0x0000000020000088       0x48 ./Core/Src/main.o
                0x0000000020000088                htim1
 .bss.huart1    0x00000000200000d0       0x44 ./Core/Src/main.o
                0x00000000200000d0                huart1
 .bss.ID        0x0000000020000114        0x4 ./Core/Src/main.o
                0x0000000020000114                ID
 .bss.x_pos     0x0000000020000118        0x4 ./Core/Src/main.o
                0x0000000020000118                x_pos
 .bss.lastY     0x000000002000011c        0x4 ./Core/Src/main.o
                0x000000002000011c                lastY
 .bss.done_reset
                0x0000000020000120        0x1 ./Core/Src/tft.o
 .bss.is8347    0x0000000020000121        0x1 ./Core/Src/tft.o
 .bss.is555     0x0000000020000122        0x1 ./Core/Src/tft.o
 .bss.is9797    0x0000000020000123        0x1 ./Core/Src/tft.o
 .bss.cursor_y  0x0000000020000124        0x1 ./Core/Src/tft.o
                0x0000000020000124                cursor_y
 .bss.cursor_x  0x0000000020000125        0x1 ./Core/Src/tft.o
                0x0000000020000125                cursor_x
 .bss.rotation  0x0000000020000126        0x1 ./Core/Src/tft.o
                0x0000000020000126                rotation
 *fill*         0x0000000020000127        0x1 
 .bss._lcd_xor  0x0000000020000128        0x2 ./Core/Src/tft.o
                0x0000000020000128                _lcd_xor
 .bss._lcd_capable
                0x000000002000012a        0x2 ./Core/Src/tft.o
                0x000000002000012a                _lcd_capable
 .bss._lcd_ID   0x000000002000012c        0x2 ./Core/Src/tft.o
                0x000000002000012c                _lcd_ID
 .bss._lcd_rev  0x000000002000012e        0x2 ./Core/Src/tft.o
                0x000000002000012e                _lcd_rev
 .bss._lcd_madctl
                0x0000000020000130        0x2 ./Core/Src/tft.o
                0x0000000020000130                _lcd_madctl
 .bss._MC       0x0000000020000132        0x2 ./Core/Src/tft.o
                0x0000000020000132                _MC
 .bss._MP       0x0000000020000134        0x2 ./Core/Src/tft.o
                0x0000000020000134                _MP
 .bss._MW       0x0000000020000136        0x2 ./Core/Src/tft.o
                0x0000000020000136                _MW
 .bss._SC       0x0000000020000138        0x2 ./Core/Src/tft.o
                0x0000000020000138                _SC
 .bss._EC       0x000000002000013a        0x2 ./Core/Src/tft.o
                0x000000002000013a                _EC
 .bss._SP       0x000000002000013c        0x2 ./Core/Src/tft.o
                0x000000002000013c                _SP
 .bss._EP       0x000000002000013e        0x2 ./Core/Src/tft.o
                0x000000002000013e                _EP
 .bss.uwTick    0x0000000020000140        0x4 ./Drivers/STM32F4xx_HAL_Driver/Src/stm32f4xx_hal.o
                0x0000000020000140                uwTick
 *(COMMON)
                0x0000000020000144                . = ALIGN (0x4)
                0x0000000020000144                _ebss = .
                0x0000000020000144                __bss_end__ = _ebss

._user_heap_stack
                0x0000000020000144      0x604 load address 0x0000000008007700
                0x0000000020000148                . = ALIGN (0x8)
 *fill*         0x0000000020000144        0x4 
                [!provide]                        PROVIDE (end = .)
                0x0000000020000148                PROVIDE (_end = .)
                0x0000000020000348                . = (. + _Min_Heap_Size)
 *fill*         0x0000000020000148      0x200 
                0x0000000020000748                . = (. + _Min_Stack_Size)
 *fill*         0x0000000020000348      0x400 
                0x0000000020000748                . = ALIGN (0x8)

/DISCARD/
 libc.a(*)
 libm.a(*)
 libgcc.a(*)

.ARM.attributes
                0x0000000000000000       0x30
 *(.ARM.attributes)
 .ARM.attributes
                0x0000000000000000       0x1e C:/ST/STM32CubeIDE_1.13.2/STM32CubeIDE/plugins/com.st.stm32cube.ide.mcu.externaltools.gnu-tools-for-stm32.11.3.rel1.win32_1.1.1.202309131626/tools/bin/../lib/gcc/arm-none-eabi/11.3.1/thumb/v7e-m+fp/hard/crti.o
 .ARM.attributes
                0x000000000000001e       0x34 C:/ST/STM32CubeIDE_1.13.2/STM32CubeIDE/plugins/com.st.stm32cube.ide.mcu.externaltools.gnu-tools-for-stm32.11.3.rel1.win32_1.1.1.202309131626/tools/bin/../lib/gcc/arm-none-eabi/11.3.1/thumb/v7e-m+fp/hard/crtbegin.o
 .ARM.attributes
                0x0000000000000052       0x34 ./Core/Src/fonts.o
 .ARM.attributes
                0x0000000000000086       0x34 ./Core/Src/main.o
 .ARM.attributes
                0x00000000000000ba       0x34 ./Core/Src/stm32f4xx_hal_msp.o
 .ARM.attributes
                0x00000000000000ee       0x34 ./Core/Src/stm32f4xx_it.o
 .ARM.attributes
                0x0000000000000122       0x34 ./Core/Src/system_stm32f4xx.o
 .ARM.attributes
                0x0000000000000156       0x34 ./Core/Src/tft.o
 .ARM.attributes
                0x000000000000018a       0x21 ./Core/Startup/startup_stm32f411ceux.o
 .ARM.attributes
                0x00000000000001ab       0x34 ./Drivers/STM32F4xx_HAL_Driver/Src/stm32f4xx_hal.o
 .ARM.attributes
                0x00000000000001df       0x34 ./Drivers/STM32F4xx_HAL_Driver/Src/stm32f4xx_hal_adc.o
 .ARM.attributes
                0x0000000000000213       0x34 ./Drivers/STM32F4xx_HAL_Driver/Src/stm32f4xx_hal_cortex.o
 .ARM.attributes
                0x0000000000000247       0x34 ./Drivers/STM32F4xx_HAL_Driver/Src/stm32f4xx_hal_crc.o
 .ARM.attributes
                0x000000000000027b       0x34 ./Drivers/STM32F4xx_HAL_Driver/Src/stm32f4xx_hal_gpio.o
 .ARM.attributes
                0x00000000000002af       0x34 ./Drivers/STM32F4xx_HAL_Driver/Src/stm32f4xx_hal_rcc.o
 .ARM.attributes
                0x00000000000002e3       0x34 ./Drivers/STM32F4xx_HAL_Driver/Src/stm32f4xx_hal_tim.o
 .ARM.attributes
                0x0000000000000317       0x34 ./Drivers/STM32F4xx_HAL_Driver/Src/stm32f4xx_hal_tim_ex.o
 .ARM.attributes
                0x000000000000034b       0x34 ./Drivers/STM32F4xx_HAL_Driver/Src/stm32f4xx_hal_uart.o
 .ARM.attributes
                0x000000000000037f       0x34 C:/ST/STM32CubeIDE_1.13.2/STM32CubeIDE/plugins/com.st.stm32cube.ide.mcu.externaltools.gnu-tools-for-stm32.11.3.rel1.win32_1.1.1.202309131626/tools/bin/../lib/gcc/arm-none-eabi/11.3.1/../../../../arm-none-eabi/lib/thumb/v7e-m+fp/hard\libc_nano.a(libc_a-memset.o)
 .ARM.attributes
                0x00000000000003b3       0x34 C:/ST/STM32CubeIDE_1.13.2/STM32CubeIDE/plugins/com.st.stm32cube.ide.mcu.externaltools.gnu-tools-for-stm32.11.3.rel1.win32_1.1.1.202309131626/tools/bin/../lib/gcc/arm-none-eabi/11.3.1/../../../../arm-none-eabi/lib/thumb/v7e-m+fp/hard\libc_nano.a(libc_a-init.o)
 .ARM.attributes
                0x00000000000003e7       0x1e C:/ST/STM32CubeIDE_1.13.2/STM32CubeIDE/plugins/com.st.stm32cube.ide.mcu.externaltools.gnu-tools-for-stm32.11.3.rel1.win32_1.1.1.202309131626/tools/bin/../lib/gcc/arm-none-eabi/11.3.1/thumb/v7e-m+fp/hard\libgcc.a(_aeabi_uldivmod.o)
 .ARM.attributes
                0x0000000000000405       0x34 C:/ST/STM32CubeIDE_1.13.2/STM32CubeIDE/plugins/com.st.stm32cube.ide.mcu.externaltools.gnu-tools-for-stm32.11.3.rel1.win32_1.1.1.202309131626/tools/bin/../lib/gcc/arm-none-eabi/11.3.1/thumb/v7e-m+fp/hard\libgcc.a(_udivmoddi4.o)
 .ARM.attributes
                0x0000000000000439       0x1e C:/ST/STM32CubeIDE_1.13.2/STM32CubeIDE/plugins/com.st.stm32cube.ide.mcu.externaltools.gnu-tools-for-stm32.11.3.rel1.win32_1.1.1.202309131626/tools/bin/../lib/gcc/arm-none-eabi/11.3.1/thumb/v7e-m+fp/hard\libgcc.a(_dvmd_tls.o)
 .ARM.attributes
                0x0000000000000457       0x1e C:/ST/STM32CubeIDE_1.13.2/STM32CubeIDE/plugins/com.st.stm32cube.ide.mcu.externaltools.gnu-tools-for-stm32.11.3.rel1.win32_1.1.1.202309131626/tools/bin/../lib/gcc/arm-none-eabi/11.3.1/thumb/v7e-m+fp/hard/crtn.o
OUTPUT(ReadSensorToUART.elf elf32-littlearm)
LOAD linker stubs
LOAD C:/ST/STM32CubeIDE_1.13.2/STM32CubeIDE/plugins/com.st.stm32cube.ide.mcu.externaltools.gnu-tools-for-stm32.11.3.rel1.win32_1.1.1.202309131626/tools/bin/../lib/gcc/arm-none-eabi/11.3.1/../../../../arm-none-eabi/lib/thumb/v7e-m+fp/hard\libc.a
LOAD C:/ST/STM32CubeIDE_1.13.2/STM32CubeIDE/plugins/com.st.stm32cube.ide.mcu.externaltools.gnu-tools-for-stm32.11.3.rel1.win32_1.1.1.202309131626/tools/bin/../lib/gcc/arm-none-eabi/11.3.1/../../../../arm-none-eabi/lib/thumb/v7e-m+fp/hard\libm.a
LOAD C:/ST/STM32CubeIDE_1.13.2/STM32CubeIDE/plugins/com.st.stm32cube.ide.mcu.externaltools.gnu-tools-for-stm32.11.3.rel1.win32_1.1.1.202309131626/tools/bin/../lib/gcc/arm-none-eabi/11.3.1/thumb/v7e-m+fp/hard\libgcc.a

.comment        0x0000000000000000       0x43
 .comment       0x0000000000000000       0x43 C:/ST/STM32CubeIDE_1.13.2/STM32CubeIDE/plugins/com.st.stm32cube.ide.mcu.externaltools.gnu-tools-for-stm32.11.3.rel1.win32_1.1.1.202309131626/tools/bin/../lib/gcc/arm-none-eabi/11.3.1/thumb/v7e-m+fp/hard/crtbegin.o
                                         0x44 (size before relaxing)
 .comment       0x0000000000000043       0x44 ./Core/Src/fonts.o
 .comment       0x0000000000000043       0x44 ./Core/Src/main.o
 .comment       0x0000000000000043       0x44 ./Core/Src/stm32f4xx_hal_msp.o
 .comment       0x0000000000000043       0x44 ./Core/Src/stm32f4xx_it.o
 .comment       0x0000000000000043       0x44 ./Core/Src/system_stm32f4xx.o
 .comment       0x0000000000000043       0x44 ./Core/Src/tft.o
 .comment       0x0000000000000043       0x44 ./Drivers/STM32F4xx_HAL_Driver/Src/stm32f4xx_hal.o
 .comment       0x0000000000000043       0x44 ./Drivers/STM32F4xx_HAL_Driver/Src/stm32f4xx_hal_adc.o
 .comment       0x0000000000000043       0x44 ./Drivers/STM32F4xx_HAL_Driver/Src/stm32f4xx_hal_cortex.o
 .comment       0x0000000000000043       0x44 ./Drivers/STM32F4xx_HAL_Driver/Src/stm32f4xx_hal_crc.o
 .comment       0x0000000000000043       0x44 ./Drivers/STM32F4xx_HAL_Driver/Src/stm32f4xx_hal_gpio.o
 .comment       0x0000000000000043       0x44 ./Drivers/STM32F4xx_HAL_Driver/Src/stm32f4xx_hal_rcc.o
 .comment       0x0000000000000043       0x44 ./Drivers/STM32F4xx_HAL_Driver/Src/stm32f4xx_hal_tim.o
 .comment       0x0000000000000043       0x44 ./Drivers/STM32F4xx_HAL_Driver/Src/stm32f4xx_hal_tim_ex.o
 .comment       0x0000000000000043       0x44 ./Drivers/STM32F4xx_HAL_Driver/Src/stm32f4xx_hal_uart.o

.debug_info     0x0000000000000000    0x10b63
 .debug_info    0x0000000000000000      0x4af ./Core/Src/fonts.o
 .debug_info    0x00000000000004af     0x178e ./Core/Src/main.o
 .debug_info    0x0000000000001c3d     0x10ee ./Core/Src/stm32f4xx_hal_msp.o
 .debug_info    0x0000000000002d2b      0x112 ./Core/Src/stm32f4xx_it.o
 .debug_info    0x0000000000002e3d      0x53e ./Core/Src/system_stm32f4xx.o
 .debug_info    0x000000000000337b     0x3475 ./Core/Src/tft.o
 .debug_info    0x00000000000067f0       0x23 ./Core/Startup/startup_stm32f411ceux.o
 .debug_info    0x0000000000006813      0x8c4 ./Drivers/STM32F4xx_HAL_Driver/Src/stm32f4xx_hal.o
 .debug_info    0x00000000000070d7      0xcd1 ./Drivers/STM32F4xx_HAL_Driver/Src/stm32f4xx_hal_adc.o
 .debug_info    0x0000000000007da8      0xcb6 ./Drivers/STM32F4xx_HAL_Driver/Src/stm32f4xx_hal_cortex.o
 .debug_info    0x0000000000008a5e      0x373 ./Drivers/STM32F4xx_HAL_Driver/Src/stm32f4xx_hal_crc.o
 .debug_info    0x0000000000008dd1      0x6f9 ./Drivers/STM32F4xx_HAL_Driver/Src/stm32f4xx_hal_gpio.o
 .debug_info    0x00000000000094ca      0x8f2 ./Drivers/STM32F4xx_HAL_Driver/Src/stm32f4xx_hal_rcc.o
 .debug_info    0x0000000000009dbc     0x2941 ./Drivers/STM32F4xx_HAL_Driver/Src/stm32f4xx_hal_tim.o
 .debug_info    0x000000000000c6fd     0x14a7 ./Drivers/STM32F4xx_HAL_Driver/Src/stm32f4xx_hal_tim_ex.o
 .debug_info    0x000000000000dba4     0x2fbf ./Drivers/STM32F4xx_HAL_Driver/Src/stm32f4xx_hal_uart.o

.debug_abbrev   0x0000000000000000     0x21b9
 .debug_abbrev  0x0000000000000000       0xe7 ./Core/Src/fonts.o
 .debug_abbrev  0x00000000000000e7      0x332 ./Core/Src/main.o
 .debug_abbrev  0x0000000000000419      0x208 ./Core/Src/stm32f4xx_hal_msp.o
 .debug_abbrev  0x0000000000000621       0x73 ./Core/Src/stm32f4xx_it.o
 .debug_abbrev  0x0000000000000694      0x11a ./Core/Src/system_stm32f4xx.o
 .debug_abbrev  0x00000000000007ae      0x44a ./Core/Src/tft.o
 .debug_abbrev  0x0000000000000bf8       0x12 ./Core/Startup/startup_stm32f411ceux.o
 .debug_abbrev  0x0000000000000c0a      0x24b ./Drivers/STM32F4xx_HAL_Driver/Src/stm32f4xx_hal.o
 .debug_abbrev  0x0000000000000e55      0x20e ./Drivers/STM32F4xx_HAL_Driver/Src/stm32f4xx_hal_adc.o
 .debug_abbrev  0x0000000000001063      0x327 ./Drivers/STM32F4xx_HAL_Driver/Src/stm32f4xx_hal_cortex.o
 .debug_abbrev  0x000000000000138a      0x179 ./Drivers/STM32F4xx_HAL_Driver/Src/stm32f4xx_hal_crc.o
 .debug_abbrev  0x0000000000001503      0x1d3 ./Drivers/STM32F4xx_HAL_Driver/Src/stm32f4xx_hal_gpio.o
 .debug_abbrev  0x00000000000016d6      0x2b5 ./Drivers/STM32F4xx_HAL_Driver/Src/stm32f4xx_hal_rcc.o
 .debug_abbrev  0x000000000000198b      0x284 ./Drivers/STM32F4xx_HAL_Driver/Src/stm32f4xx_hal_tim.o
 .debug_abbrev  0x0000000000001c0f      0x28f ./Drivers/STM32F4xx_HAL_Driver/Src/stm32f4xx_hal_tim_ex.o
 .debug_abbrev  0x0000000000001e9e      0x31b ./Drivers/STM32F4xx_HAL_Driver/Src/stm32f4xx_hal_uart.o

.debug_aranges  0x0000000000000000      0xfc8
 .debug_aranges
                0x0000000000000000       0x18 ./Core/Src/fonts.o
 .debug_aranges
                0x0000000000000018       0x68 ./Core/Src/main.o
 .debug_aranges
                0x0000000000000080       0x60 ./Core/Src/stm32f4xx_hal_msp.o
 .debug_aranges
                0x00000000000000e0       0x60 ./Core/Src/stm32f4xx_it.o
 .debug_aranges
                0x0000000000000140       0x28 ./Core/Src/system_stm32f4xx.o
 .debug_aranges
                0x0000000000000168      0x2e0 ./Core/Src/tft.o
 .debug_aranges
                0x0000000000000448       0x28 ./Core/Startup/startup_stm32f411ceux.o
 .debug_aranges
                0x0000000000000470       0xf0 ./Drivers/STM32F4xx_HAL_Driver/Src/stm32f4xx_hal.o
 .debug_aranges
                0x0000000000000560       0xe8 ./Drivers/STM32F4xx_HAL_Driver/Src/stm32f4xx_hal_adc.o
 .debug_aranges
                0x0000000000000648      0x118 ./Drivers/STM32F4xx_HAL_Driver/Src/stm32f4xx_hal_cortex.o
 .debug_aranges
                0x0000000000000760       0x50 ./Drivers/STM32F4xx_HAL_Driver/Src/stm32f4xx_hal_crc.o
 .debug_aranges
                0x00000000000007b0       0x58 ./Drivers/STM32F4xx_HAL_Driver/Src/stm32f4xx_hal_gpio.o
 .debug_aranges
                0x0000000000000808       0x88 ./Drivers/STM32F4xx_HAL_Driver/Src/stm32f4xx_hal_rcc.o
 .debug_aranges
                0x0000000000000890      0x3d0 ./Drivers/STM32F4xx_HAL_Driver/Src/stm32f4xx_hal_tim.o
 .debug_aranges
                0x0000000000000c60      0x168 ./Drivers/STM32F4xx_HAL_Driver/Src/stm32f4xx_hal_tim_ex.o
 .debug_aranges
                0x0000000000000dc8      0x200 ./Drivers/STM32F4xx_HAL_Driver/Src/stm32f4xx_hal_uart.o

.debug_macro    0x0000000000000000     0x2460
 .debug_macro   0x0000000000000000       0x6c ./Core/Src/fonts.o
 .debug_macro   0x000000000000006c      0x38f ./Core/Src/main.o
 .debug_macro   0x00000000000003fb       0x16 ./Core/Src/main.o
 .debug_macro   0x0000000000000411       0x35 ./Core/Src/main.o
 .debug_macro   0x0000000000000446       0x10 ./Core/Src/main.o
 .debug_macro   0x0000000000000456       0x16 ./Core/Src/main.o
 .debug_macro   0x000000000000046c       0x16 ./Core/Src/main.o
 .debug_macro   0x0000000000000482      0x147 ./Core/Src/main.o
 .debug_macro   0x00000000000005c9       0x16 ./Core/Src/main.o
 .debug_macro   0x00000000000005df       0x20 ./Core/Src/main.o
 .debug_macro   0x00000000000005ff       0x64 ./Core/Src/main.o
 .debug_macro   0x0000000000000663       0x22 ./Core/Src/main.o
 .debug_macro   0x0000000000000685      0x20a ./Core/Src/stm32f4xx_hal_msp.o
 .debug_macro   0x000000000000088f      0x214 ./Core/Src/stm32f4xx_it.o
 .debug_macro   0x0000000000000aa3      0x200 ./Core/Src/system_stm32f4xx.o
 .debug_macro   0x0000000000000ca3      0x448 ./Core/Src/tft.o
 .debug_macro   0x00000000000010eb       0x10 ./Core/Src/tft.o
 .debug_macro   0x00000000000010fb       0xd8 ./Core/Src/tft.o
 .debug_macro   0x00000000000011d3      0x260 ./Drivers/STM32F4xx_HAL_Driver/Src/stm32f4xx_hal.o
 .debug_macro   0x0000000000001433      0x201 ./Drivers/STM32F4xx_HAL_Driver/Src/stm32f4xx_hal_adc.o
 .debug_macro   0x0000000000001634      0x200 ./Drivers/STM32F4xx_HAL_Driver/Src/stm32f4xx_hal_cortex.o
 .debug_macro   0x0000000000001834      0x200 ./Drivers/STM32F4xx_HAL_Driver/Src/stm32f4xx_hal_crc.o
 .debug_macro   0x0000000000001a34      0x206 ./Drivers/STM32F4xx_HAL_Driver/Src/stm32f4xx_hal_gpio.o
 .debug_macro   0x0000000000001c3a      0x224 ./Drivers/STM32F4xx_HAL_Driver/Src/stm32f4xx_hal_rcc.o
 .debug_macro   0x0000000000001e5e      0x201 ./Drivers/STM32F4xx_HAL_Driver/Src/stm32f4xx_hal_tim.o
 .debug_macro   0x000000000000205f      0x200 ./Drivers/STM32F4xx_HAL_Driver/Src/stm32f4xx_hal_tim_ex.o
 .debug_macro   0x000000000000225f      0x201 ./Drivers/STM32F4xx_HAL_Driver/Src/stm32f4xx_hal_uart.o

.debug_line     0x0000000000000000    0x12044
 .debug_line    0x0000000000000000      0x40a ./Core/Src/fonts.o
 .debug_line    0x000000000000040a      0xbf1 ./Core/Src/main.o
 .debug_line    0x0000000000000ffb      0x8a9 ./Core/Src/stm32f4xx_hal_msp.o
 .debug_line    0x00000000000018a4      0x867 ./Core/Src/stm32f4xx_it.o
 .debug_line    0x000000000000210b      0x826 ./Core/Src/system_stm32f4xx.o
 .debug_line    0x0000000000002931     0x2f4c ./Core/Src/tft.o
 .debug_line    0x000000000000587d       0x7a ./Core/Startup/startup_stm32f411ceux.o
 .debug_line    0x00000000000058f7      0xa8c ./Drivers/STM32F4xx_HAL_Driver/Src/stm32f4xx_hal.o
 .debug_line    0x0000000000006383     0x1230 ./Drivers/STM32F4xx_HAL_Driver/Src/stm32f4xx_hal_adc.o
 .debug_line    0x00000000000075b3      0xd3b ./Drivers/STM32F4xx_HAL_Driver/Src/stm32f4xx_hal_cortex.o
 .debug_line    0x00000000000082ee      0x8eb ./Drivers/STM32F4xx_HAL_Driver/Src/stm32f4xx_hal_crc.o
 .debug_line    0x0000000000008bd9      0xbc4 ./Drivers/STM32F4xx_HAL_Driver/Src/stm32f4xx_hal_gpio.o
 .debug_line    0x000000000000979d      0xe03 ./Drivers/STM32F4xx_HAL_Driver/Src/stm32f4xx_hal_rcc.o
 .debug_line    0x000000000000a5a0     0x3552 ./Drivers/STM32F4xx_HAL_Driver/Src/stm32f4xx_hal_tim.o
 .debug_line    0x000000000000daf2     0x1a24 ./Drivers/STM32F4xx_HAL_Driver/Src/stm32f4xx_hal_tim_ex.o
 .debug_line    0x000000000000f516     0x2b2e ./Drivers/STM32F4xx_HAL_Driver/Src/stm32f4xx_hal_uart.o

.debug_str      0x0000000000000000    0x9b688
 .debug_str     0x0000000000000000     0x3da4 ./Core/Src/fonts.o
                                       0x3f2f (size before relaxing)
 .debug_str     0x0000000000003da4    0x936f8 ./Core/Src/main.o
                                      0x976cd (size before relaxing)
 .debug_str     0x000000000009749c       0xe5 ./Core/Src/stm32f4xx_hal_msp.o
                                      0x92eb7 (size before relaxing)
 .debug_str     0x0000000000097581       0xc9 ./Core/Src/stm32f4xx_it.o
                                      0x923bd (size before relaxing)
 .debug_str     0x000000000009764a       0xdb ./Core/Src/system_stm32f4xx.o
                                      0x924f9 (size before relaxing)
 .debug_str     0x0000000000097725     0x1364 ./Core/Src/tft.o
                                      0x97233 (size before relaxing)
 .debug_str     0x0000000000098a89       0x34 ./Core/Startup/startup_stm32f411ceux.o
                                         0x78 (size before relaxing)
 .debug_str     0x0000000000098abd      0x9ab ./Drivers/STM32F4xx_HAL_Driver/Src/stm32f4xx_hal.o
                                      0x92f25 (size before relaxing)
 .debug_str     0x0000000000099468      0x285 ./Drivers/STM32F4xx_HAL_Driver/Src/stm32f4xx_hal_adc.o
                                      0x92ad4 (size before relaxing)
 .debug_str     0x00000000000996ed      0x343 ./Drivers/STM32F4xx_HAL_Driver/Src/stm32f4xx_hal_cortex.o
                                      0x92c46 (size before relaxing)
 .debug_str     0x0000000000099a30       0x97 ./Drivers/STM32F4xx_HAL_Driver/Src/stm32f4xx_hal_crc.o
                                      0x92515 (size before relaxing)
 .debug_str     0x0000000000099ac7      0x10d ./Drivers/STM32F4xx_HAL_Driver/Src/stm32f4xx_hal_gpio.o
                                      0x92674 (size before relaxing)
 .debug_str     0x0000000000099bd4      0x233 ./Drivers/STM32F4xx_HAL_Driver/Src/stm32f4xx_hal_rcc.o
                                      0x9292d (size before relaxing)
 .debug_str     0x0000000000099e07      0xdea ./Drivers/STM32F4xx_HAL_Driver/Src/stm32f4xx_hal_tim.o
                                      0x93861 (size before relaxing)
 .debug_str     0x000000000009abf1      0x493 ./Drivers/STM32F4xx_HAL_Driver/Src/stm32f4xx_hal_tim_ex.o
                                      0x9307d (size before relaxing)
 .debug_str     0x000000000009b084      0x604 ./Drivers/STM32F4xx_HAL_Driver/Src/stm32f4xx_hal_uart.o
                                      0x92eba (size before relaxing)

.debug_rnglists
                0x0000000000000000      0xc5b
 .debug_rnglists
                0x0000000000000000       0x4f ./Core/Src/main.o
 .debug_rnglists
                0x000000000000004f       0x45 ./Core/Src/stm32f4xx_hal_msp.o
 .debug_rnglists
                0x0000000000000094       0x43 ./Core/Src/stm32f4xx_it.o
 .debug_rnglists
                0x00000000000000d7       0x1a ./Core/Src/system_stm32f4xx.o
 .debug_rnglists
                0x00000000000000f1      0x24d ./Core/Src/tft.o
 .debug_rnglists
                0x000000000000033e       0x19 ./Core/Startup/startup_stm32f411ceux.o
 .debug_rnglists
                0x0000000000000357       0xaf ./Drivers/STM32F4xx_HAL_Driver/Src/stm32f4xx_hal.o
 .debug_rnglists
                0x0000000000000406       0xb5 ./Drivers/STM32F4xx_HAL_Driver/Src/stm32f4xx_hal_adc.o
 .debug_rnglists
                0x00000000000004bb       0xce ./Drivers/STM32F4xx_HAL_Driver/Src/stm32f4xx_hal_cortex.o
 .debug_rnglists
                0x0000000000000589       0x37 ./Drivers/STM32F4xx_HAL_Driver/Src/stm32f4xx_hal_crc.o
 .debug_rnglists
                0x00000000000005c0       0x3f ./Drivers/STM32F4xx_HAL_Driver/Src/stm32f4xx_hal_gpio.o
 .debug_rnglists
                0x00000000000005ff       0x66 ./Drivers/STM32F4xx_HAL_Driver/Src/stm32f4xx_hal_rcc.o
 .debug_rnglists
                0x0000000000000665      0x31a ./Drivers/STM32F4xx_HAL_Driver/Src/stm32f4xx_hal_tim.o
 .debug_rnglists
                0x000000000000097f      0x125 ./Drivers/STM32F4xx_HAL_Driver/Src/stm32f4xx_hal_tim_ex.o
 .debug_rnglists
                0x0000000000000aa4      0x1b7 ./Drivers/STM32F4xx_HAL_Driver/Src/stm32f4xx_hal_uart.o

.debug_frame    0x0000000000000000     0x4398
 .debug_frame   0x0000000000000000      0x15c ./Core/Src/main.o
 .debug_frame   0x000000000000015c      0x168 ./Core/Src/stm32f4xx_hal_msp.o
 .debug_frame   0x00000000000002c4      0x104 ./Core/Src/stm32f4xx_it.o
 .debug_frame   0x00000000000003c8       0x58 ./Core/Src/system_stm32f4xx.o
 .debug_frame   0x0000000000000420      0xd44 ./Core/Src/tft.o
 .debug_frame   0x0000000000001164      0x374 ./Drivers/STM32F4xx_HAL_Driver/Src/stm32f4xx_hal.o
 .debug_frame   0x00000000000014d8      0x3fc ./Drivers/STM32F4xx_HAL_Driver/Src/stm32f4xx_hal_adc.o
 .debug_frame   0x00000000000018d4      0x498 ./Drivers/STM32F4xx_HAL_Driver/Src/stm32f4xx_hal_cortex.o
 .debug_frame   0x0000000000001d6c      0x120 ./Drivers/STM32F4xx_HAL_Driver/Src/stm32f4xx_hal_crc.o
 .debug_frame   0x0000000000001e8c      0x14c ./Drivers/STM32F4xx_HAL_Driver/Src/stm32f4xx_hal_gpio.o
 .debug_frame   0x0000000000001fd8      0x1f4 ./Drivers/STM32F4xx_HAL_Driver/Src/stm32f4xx_hal_rcc.o
 .debug_frame   0x00000000000021cc     0x11bc ./Drivers/STM32F4xx_HAL_Driver/Src/stm32f4xx_hal_tim.o
 .debug_frame   0x0000000000003388      0x638 ./Drivers/STM32F4xx_HAL_Driver/Src/stm32f4xx_hal_tim_ex.o
 .debug_frame   0x00000000000039c0      0x92c ./Drivers/STM32F4xx_HAL_Driver/Src/stm32f4xx_hal_uart.o
 .debug_frame   0x00000000000042ec       0x20 C:/ST/STM32CubeIDE_1.13.2/STM32CubeIDE/plugins/com.st.stm32cube.ide.mcu.externaltools.gnu-tools-for-stm32.11.3.rel1.win32_1.1.1.202309131626/tools/bin/../lib/gcc/arm-none-eabi/11.3.1/../../../../arm-none-eabi/lib/thumb/v7e-m+fp/hard\libc_nano.a(libc_a-memset.o)
 .debug_frame   0x000000000000430c       0x2c C:/ST/STM32CubeIDE_1.13.2/STM32CubeIDE/plugins/com.st.stm32cube.ide.mcu.externaltools.gnu-tools-for-stm32.11.3.rel1.win32_1.1.1.202309131626/tools/bin/../lib/gcc/arm-none-eabi/11.3.1/../../../../arm-none-eabi/lib/thumb/v7e-m+fp/hard\libc_nano.a(libc_a-init.o)
 .debug_frame   0x0000000000004338       0x2c C:/ST/STM32CubeIDE_1.13.2/STM32CubeIDE/plugins/com.st.stm32cube.ide.mcu.externaltools.gnu-tools-for-stm32.11.3.rel1.win32_1.1.1.202309131626/tools/bin/../lib/gcc/arm-none-eabi/11.3.1/thumb/v7e-m+fp/hard\libgcc.a(_aeabi_uldivmod.o)
 .debug_frame   0x0000000000004364       0x34 C:/ST/STM32CubeIDE_1.13.2/STM32CubeIDE/plugins/com.st.stm32cube.ide.mcu.externaltools.gnu-tools-for-stm32.11.3.rel1.win32_1.1.1.202309131626/tools/bin/../lib/gcc/arm-none-eabi/11.3.1/thumb/v7e-m+fp/hard\libgcc.a(_udivmoddi4.o)

.debug_line_str
                0x0000000000000000       0x6c
 .debug_line_str
                0x0000000000000000       0x6c ./Core/Startup/startup_stm32f411ceux.o
                                         0x84 (size before relaxing)
