../Core/Inc/user_setting.h:48:6:delay	16	static
../Core/Src/tft.c:49:6:PIN_LOW	16	static
../Core/Src/tft.c:54:6:PIN_HIGH	16	static
../Core/Src/tft.c:59:6:PIN_INPUT	40	static
../Core/Src/tft.c:69:6:PIN_OUTPUT	40	static
../Core/Src/tft.c:132:10:width	4	static
../Core/Src/tft.c:135:10:height	4	static
../Core/Src/tft.c:150:17:color565_to_555	16	static
../Core/Src/tft.c:153:17:color555_to_565	16	static
../Core/Src/tft.c:156:16:color565_to_r	16	static
../Core/Src/tft.c:159:16:color565_to_g	16	static
../Core/Src/tft.c:162:16:color565_to_b	16	static
../Core/Src/tft.c:166:10:color565	16	static
../Core/Src/tft.c:167:10:readPixel	32	static
../Core/Src/tft.c:175:6:WriteCmdData	16	static
../Core/Src/tft.c:183:6:pushCommand	16	static
../Core/Src/tft.c:213:6:startWrite	4	static
../Core/Src/tft.c:214:6:endWrite	4	static
../Core/Src/tft.c:216:6:setReadDir	8	static
../Core/Src/tft.c:228:6:setWriteDir	8	static
../Core/Src/tft.c:243:13:pushColors_any	40	static
../Core/Src/tft.c:280:13:write24	24	static
../Core/Src/tft.c:290:13:writecmddata	24	static
../Core/Src/tft.c:298:13:WriteCmdParamN	24	static
../Core/Src/tft.c:313:20:WriteCmdParam4	32	static
../Core/Src/tft.c:322:13:init_table	48	static
../Core/Src/tft.c:347:13:init_table16	24	static
../Core/Src/tft.c:364:6:reset	8	static
../Core/Src/tft.c:381:17:read16bits	16	static
../Core/Src/tft.c:390:10:readReg	24	static
../Core/Src/tft.c:408:10:readReg32	24	static
../Core/Src/tft.c:415:10:readReg40	24	static
../Core/Src/tft.c:423:6:tft_init	40	static
../Core/Src/tft.c:2474:10:readID	24	static
../Core/Src/tft.c:2571:9:readGRAM	56	static
../Core/Src/tft.c:2637:6:setRotation	40	static
../Core/Src/tft.c:2801:6:drawPixel	32	static
../Core/Src/tft.c:2815:6:setAddrWindow	40	static
../Core/Src/tft.c:2858:6:vertScroll	32	static
../Core/Src/tft.c:2935:6:pushColors16b	24	static
../Core/Src/tft.c:2940:6:pushColors8b	24	static
../Core/Src/tft.c:2945:6:pushColors4n	24	static
../Core/Src/tft.c:2950:6:fillScreen	24	static
../Core/Src/tft.c:2955:6:invertDisplay	24	static
../Core/Src/tft.c:3001:7:drawFastVLine	32	static
../Core/Src/tft.c:3006:7:drawFastHLine	32	static
../Core/Src/tft.c:3011:6:writePixel	16	static
../Core/Src/tft.c:3016:6:writeLine	48	static
../Core/Src/tft.c:3056:6:drawLine	40	static
../Core/Src/tft.c:3069:6:drawCircle	40	static
../Core/Src/tft.c:3103:6:drawCircleHelper	40	static
../Core/Src/tft.c:3139:6:fillCircle	32	static
../Core/Src/tft.c:3145:6:fillCircleHelper	40	static
../Core/Src/tft.c:3182:6:drawRect	24	static
../Core/Src/tft.c:3190:6:fillRect	32	static
../Core/Src/tft.c:3278:6:drawRoundRect	40	static
../Core/Src/tft.c:3294:6:fillRoundRect	40	static
../Core/Src/tft.c:3305:6:drawTriangle	32	static
../Core/Src/tft.c:3312:6:fillTriangle	72	static
../Core/Src/tft.c:3392:6:testFillScreen	8	static
../Core/Src/tft.c:3401:6:testLines	56	static
../Core/Src/tft.c:3444:6:testFastLines	32	static
../Core/Src/tft.c:3453:6:testRects	56	static
../Core/Src/tft.c:3467:6:testFilledRects	56	static
../Core/Src/tft.c:3484:6:testFilledCircles	40	static
../Core/Src/tft.c:3497:6:testCircles	40	static
../Core/Src/tft.c:3513:6:testTriangles	64	static
../Core/Src/tft.c:3529:6:testFilledTriangles	64	static
../Core/Src/tft.c:3542:6:testRoundRects	72	static
../Core/Src/tft.c:3559:6:testFilledRoundRects	64	static
../Core/Src/tft.c:3575:6:drawChar	56	static
../Core/Src/tft.c:3625:8:write	48	static
../Core/Src/tft.c:3664:6:setFont	16	static
../Core/Src/tft.c:3679:6:charBounds	56	static
../Core/Src/tft.c:3736:6:getTextBounds	64	static
../Core/Src/tft.c:3757:6:printCenteredText	56	static
../Core/Src/tft.c:3772:6:printnewtstr	24	static
../Core/Src/tft.c:3782:6:printstr	16	static
../Core/Src/tft.c:3787:6:setTextWrap	16	static
../Core/Src/tft.c:3789:6:setTextColor	16	static
../Core/Src/tft.c:3794:6:setTextSize	16	static
../Core/Src/tft.c:3799:6:setCursor	16	static
../Core/Src/tft.c:3801:9:getRotation	4	static
../Core/Src/tft.c:3806:6:scrollup	24	static
../Core/Src/tft.c:3820:6:scrolldown	24	static
../Core/Src/tft.c:3833:6:drawBitmap	32	static
../Core/Src/tft.c:3845:6:drawRGBBitmap	32	static
../Core/Src/tft.c:3855:6:newdrawBitmap	32	static
../Core/Src/tft.c:3872:6:drawRGBBitmapmask	32	static
